[LicensingClient] Error: Code 10 while verifying Licensing Client signature (process Id: 27344, path: "C:/Program Files/Unity Hub/UnityLicensingClient_V1/Unity.Licensing.Client.exe")
[Licensing::Module]  Error: LicensingClient has failed validation; ignoring
[LicensingClient] Handshaking with LicensingClient: 
	version: 1.17.4+4293ba1
	Session Id: 1c34fd1b81ce4d359da18a25f070cc38
	Machine Id: NJnCi2kLka6rUvnOkC/kk5D1Dzo=
[Licensing::Module] Successfully connected to LicensingClient on channel: "LicenseClient-Hidano" (connect: 0.00s, validation: 0.01s, handshake: 0.02s)
Entitlement-based licensing initiated
[Licensing::Module]  Error: Access token is unavailable; failed to update
[LicensingClient] Error: Code 200 while updating license in client (status: Licenses updated.)
Built from '2022.1/staging' branch; Version is '2022.1.14f1 (ff7e140968b4) revision 16743956'; Using compiler version '192829333'; Build Type 'Release'
OS: 'Windows 11  (10.0.26200) 64bit Professional' Language: 'ja' Physical Memory: 65249 MB
[LicensingClient] Successfully resolved entitlements
[Licensing::Module] Serial number assigned to: "20066142772267-UnityPersXXXX"
BatchMode: 1, IsHumanControllingUs: 0, StartBugReporterOnCrash: 0, Is64bit: 1, IsPro: 0

COMMAND LINE ARGUMENTS:
C:\Program Files\Unity\Hub\Editor\2022.1.14f1\Editor\Unity.exe
-batchmode
-nographics
-projectPath
D:/Personal/Repositries/Unity_ArtNetRecorder
-runTests
-testPlatform
EditMode
-testResults
D:/Personal/Repositries/Unity_ArtNetRecorder/test-results.xml
-logFile
D:/Personal/Repositries/Unity_ArtNetRecorder/test-log.txt
Successfully changed project path to: D:/Personal/Repositries/Unity_ArtNetRecorder
D:/Personal/Repositries/Unity_ArtNetRecorder
It looks like another Unity instance is running with this project open.

Multiple Unity instances cannot open the same project.

Project: D:/Personal/Repositries/Unity_ArtNetRecorder
Fatal Error! It looks like another Unity instance is running with this project open.

Multiple Unity instances cannot open the same project.

Project: D:/Personal/Repositries/Unity_ArtNetRecorder
Crash!!!
SymInit: Symbol-SearchPath: 'C:/Program Files/Unity/Hub/Editor/2022.1.14f1/Editor/Data/Mono;.;D:\Personal\Repositries\Unity_ArtNetRecorder;D:\Personal\Repositries\Unity_ArtNetRecorder\Library\BurstCache\JIT;C:\Program Files\Unity\Hub\Editor\2022.1.14f1\Editor;C:\WINDOWS;C:\WINDOWS\system32;SRV*C:\websymbols*http://msdl.microsoft.com/download/symbols;', symOptions: 534, UserName: 'Hidano'
OS-Version: 10.0.0
C:\Program Files\Unity\Hub\Editor\2022.1.14f1\Editor\Unity.exe:Unity.exe (00007FF7B2F30000), size: 75132928 (result: 0), SymType: '-deferred-', PDB: '', fileVersion: 2022.1.14.32276
C:\WINDOWS\SYSTEM32\ntdll.dll:ntdll.dll (00007FFB07A20000), size: 2523136 (result: 0), SymType: '-deferred-', PDB: '', fileVersion: 10.0.26100.7824
C:\WINDOWS\System32\KERNEL32.DLL:KERNEL32.DLL (00007FFB068F0000), size: 823296 (result: 0), SymType: '-deferred-', PDB: '', fileVersion: 10.0.26100.7705
C:\WINDOWS\System32\KERNELBASE.dll:KERNELBASE.dll (00007FFB05040000), size: 4132864 (result: 0), SymType: '-deferred-', PDB: '', fileVersion: 10.0.26100.7824
C:\WINDOWS\System32\CRYPT32.dll:CRYPT32.dll (00007FFB04DE0000), size: 1536000 (result: 0), SymType: '-deferred-', PDB: '', fileVersion: 10.0.26100.7309
C:\WINDOWS\System32\ucrtbase.dll:ucrtbase.dll (00007FFB05440000), size: 1355776 (result: 0), SymType: '-deferred-', PDB: '', fileVersion: 10.0.26100.7623
C:\WINDOWS\System32\USER32.dll:USER32.dll (00007FFB06130000), size: 1859584 (result: 0), SymType: '-deferred-', PDB: '', fileVersion: 10.0.26100.7705
C:\WINDOWS\System32\win32u.dll:win32u.dll (00007FFB05010000), size: 159744 (result: 0), SymType: '-deferred-', PDB: '', fileVersion: 10.0.26100.7705
C:\Program Files\Unity\Hub\Editor\2022.1.14f1\Editor\s3tcompress.dll:s3tcompress.dll (00007FFA55E80000), size: 180224 (result: 0), SymType: '-deferred-', PDB: ''
C:\Program Files\Unity\Hub\Editor\2022.1.14f1\Editor\optix.6.0.0.dll:optix.6.0.0.dll (00007FFA55E40000), size: 208896 (result: 0), SymType: '-deferred-', PDB: '', fileVersion: 6.0.0.0
C:\Program Files\Unity\Hub\Editor\2022.1.14f1\Editor\libfbxsdk.dll:libfbxsdk.dll (00007FFA36820000), size: 10215424 (result: 0), SymType: '-deferred-', PDB: '', fileVersion: 2020.2.0.0
C:\WINDOWS\System32\GDI32.dll:GDI32.dll (00007FFB05EE0000), size: 176128 (result: 0), SymType: '-deferred-', PDB: '', fileVersion: 10.0.26100.7705
C:\WINDOWS\System32\gdi32full.dll:gdi32full.dll (00007FFB04CB0000), size: 1224704 (result: 0), SymType: '-deferred-', PDB: '', fileVersion: 10.0.26100.7705
C:\Program Files\Unity\Hub\Editor\2022.1.14f1\Editor\etccompress.dll:etccompress.dll (00007FFA36340000), size: 5066752 (result: 0), SymType: '-deferred-', PDB: ''
C:\WINDOWS\System32\msvcp_win.dll:msvcp_win.dll (00007FFB04F60000), size: 667648 (result: 0), SymType: '-deferred-', PDB: '', fileVersion: 10.0.26100.7623
C:\Program Files\Unity\Hub\Editor\2022.1.14f1\Editor\ispc_texcomp.dll:ispc_texcomp.dll (00007FFA55350000), size: 1740800 (result: 0), SymType: '-deferred-', PDB: ''
C:\WINDOWS\System32\ADVAPI32.dll:ADVAPI32.dll (00007FFB06490000), size: 737280 (result: 0), SymType: '-deferred-', PDB: '', fileVersion: 10.0.26100.7705
C:\Program Files\Unity\Hub\Editor\2022.1.14f1\Editor\compress_bc7e.dll:compress_bc7e.dll (00007FFA551F0000), size: 1441792 (result: 0), SymType: '-deferred-', PDB: ''
C:\WINDOWS\System32\msvcrt.dll:msvcrt.dll (00007FFB06300000), size: 692224 (result: 0), SymType: '-deferred-', PDB: '', fileVersion: 7.0.26100.7623
C:\WINDOWS\System32\sechost.dll:sechost.dll (00007FFB05FF0000), size: 679936 (result: 0), SymType: '-deferred-', PDB: '', fileVersion: 10.0.26100.7623
C:\Program Files\Unity\Hub\Editor\2022.1.14f1\Editor\FreeImage.dll:FreeImage.dll (0000000180000000), size: 6582272 (result: 0), SymType: '-deferred-', PDB: '', fileVersion: 3.18.0.0
C:\WINDOWS\System32\RPCRT4.dll:RPCRT4.dll (00007FFB05BC0000), size: 1146880 (result: 0), SymType: '-deferred-', PDB: '', fileVersion: 10.0.26100.7705
C:\Program Files\Unity\Hub\Editor\2022.1.14f1\Editor\WinPixEventRuntime.dll:WinPixEventRuntime.dll (00007FFA96160000), size: 45056 (result: 0), SymType: '-deferred-', PDB: '', fileVersion: 1.0.1812.6001
C:\Program Files\Unity\Hub\Editor\2022.1.14f1\Editor\OpenImageDenoise.dll:OpenImageDenoise.dll (00007FFA1B8A0000), size: 48848896 (result: 0), SymType: '-deferred-', PDB: '', fileVersion: 1.4.2.0
C:\WINDOWS\System32\SHELL32.dll:SHELL32.dll (00007FFB07280000), size: 7675904 (result: 0), SymType: '-deferred-', PDB: '', fileVersion: 10.0.26100.7840
C:\WINDOWS\System32\WS2_32.dll:WS2_32.dll (00007FFB05980000), size: 475136 (result: 0), SymType: '-deferred-', PDB: '', fileVersion: 10.0.26100.7623
C:\Program Files\Unity\Hub\Editor\2022.1.14f1\Editor\umbraoptimizer64.dll:umbraoptimizer64.dll (00007FFA54F80000), size: 1187840 (result: 0), SymType: '-deferred-', PDB: ''
C:\WINDOWS\System32\wintypes.dll:wintypes.dll (00007FFB05650000), size: 1482752 (result: 0), SymType: '-deferred-', PDB: '', fileVersion: 10.0.26100.7705
C:\WINDOWS\System32\combase.dll:combase.dll (00007FFB06550000), size: 3694592 (result: 0), SymType: '-deferred-', PDB: '', fileVersion: 10.0.26100.7705
C:\WINDOWS\System32\SHLWAPI.dll:SHLWAPI.dll (00007FFB05F80000), size: 421888 (result: 0), SymType: '-deferred-', PDB: '', fileVersion: 10.0.26100.7824
C:\WINDOWS\SYSTEM32\VCRUNTIME140.dll:VCRUNTIME140.dll (00007FFAF42F0000), size: 122880 (result: 0), SymType: '-deferred-', PDB: '', fileVersion: 14.44.35211.0
C:\WINDOWS\SYSTEM32\MSVCP140.dll:MSVCP140.dll (00007FFAF4310000), size: 561152 (result: 0), SymType: '-deferred-', PDB: '', fileVersion: 14.44.35211.0
C:\WINDOWS\System32\Windows.Storage.dll:Windows.Storage.dll (00007FFB04300000), size: 8794112 (result: 0), SymType: '-deferred-', PDB: '', fileVersion: 10.0.26100.7840
C:\Program Files\Unity\Hub\Editor\2022.1.14f1\Editor\tbb12.dll:tbb12.dll (00007FFA55820000), size: 434176 (result: 0), SymType: '-deferred-', PDB: ''
C:\WINDOWS\System32\ole32.dll:ole32.dll (00007FFB057C0000), size: 1667072 (result: 0), SymType: '-deferred-', PDB: '', fileVersion: 10.0.26100.7824
C:\WINDOWS\SYSTEM32\VCRUNTIME140_1.dll:VCRUNTIME140_1.dll (00007FFAF6200000), size: 49152 (result: 0), SymType: '-deferred-', PDB: '', fileVersion: 14.44.35211.0
C:\WINDOWS\System32\IMM32.dll:IMM32.dll (00007FFB05F40000), size: 200704 (result: 0), SymType: '-deferred-', PDB: '', fileVersion: 10.0.26100.7309
C:\WINDOWS\System32\SETUPAPI.dll:SETUPAPI.dll (00007FFB069C0000), size: 4755456 (result: 0), SymType: '-deferred-', PDB: '', fileVersion: 10.0.26100.7705
C:\Program Files\Unity\Hub\Editor\2022.1.14f1\Editor\tbbmalloc.dll:tbbmalloc.dll (00007FFA557D0000), size: 282624 (result: 0), SymType: '-deferred-', PDB: ''
C:\WINDOWS\SYSTEM32\OPENGL32.dll:OPENGL32.dll (00007FFADC7C0000), size: 1114112 (result: 0), SymType: '-deferred-', PDB: '', fileVersion: 10.0.26100.7705
C:\WINDOWS\System32\OLEAUT32.dll:OLEAUT32.dll (00007FFB063B0000), size: 880640 (result: 0), SymType: '-deferred-', PDB: '', fileVersion: 10.0.26100.7705
C:\WINDOWS\SYSTEM32\GLU32.dll:GLU32.dll (00007FFADC790000), size: 184320 (result: 0), SymType: '-deferred-', PDB: '', fileVersion: 10.0.26100.1150
C:\WINDOWS\System32\WINTRUST.dll:WINTRUST.dll (00007FFB04B70000), size: 532480 (result: 0), SymType: '-deferred-', PDB: '', fileVersion: 10.0.26100.7705
C:\WINDOWS\SYSTEM32\IPHLPAPI.DLL:IPHLPAPI.DLL (00007FFB02A60000), size: 212992 (result: 0), SymType: '-deferred-', PDB: '', fileVersion: 10.0.26100.7705
C:\WINDOWS\SYSTEM32\WINHTTP.dll:WINHTTP.dll (00007FFAFED20000), size: 1208320 (result: 0), SymType: '-deferred-', PDB: '', fileVersion: 10.0.26100.7705
C:\WINDOWS\SYSTEM32\WINMM.dll:WINMM.dll (00007FFAFB410000), size: 217088 (result: 0), SymType: '-deferred-', PDB: '', fileVersion: 10.0.26100.7309
C:\WINDOWS\SYSTEM32\bcrypt.dll:bcrypt.dll (00007FFB041F0000), size: 172032 (result: 0), SymType: '-deferred-', PDB: '', fileVersion: 10.0.26100.7623
C:\WINDOWS\SYSTEM32\HID.DLL:HID.DLL (00007FFB02750000), size: 61440 (result: 0), SymType: '-deferred-', PDB: '', fileVersion: 10.0.26100.1150
C:\WINDOWS\SYSTEM32\dwmapi.dll:dwmapi.dll (00007FFB020A0000), size: 200704 (result: 0), SymType: '-deferred-', PDB: '', fileVersion: 10.0.26100.7705
C:\Program Files\Unity\Hub\Editor\2022.1.14f1\Editor\RadeonImageFilters.dll:RadeonImageFilters.dll (00007FFA53D80000), size: 2961408 (result: 0), SymType: '-deferred-', PDB: '', fileVersion: 1.7.0.0
C:\Program Files\Unity\Hub\Editor\2022.1.14f1\Editor\SketchUpAPI.dll:SketchUpAPI.dll (00007FFA35A60000), size: 9306112 (result: 0), SymType: '-deferred-', PDB: '', fileVersion: 20.2.172.0
C:\WINDOWS\SYSTEM32\VERSION.dll:VERSION.dll (00007FFAFF440000), size: 45056 (result: 0), SymType: '-deferred-', PDB: '', fileVersion: 10.0.26100.1150
C:\WINDOWS\SYSTEM32\WSOCK32.dll:WSOCK32.dll (00007FFAF4FA0000), size: 40960 (result: 0), SymType: '-deferred-', PDB: '', fileVersion: 10.0.26100.1
C:\Program Files\Unity\Hub\Editor\2022.1.14f1\Editor\RadeonML.dll:RadeonML.dll (00007FFA55D90000), size: 94208 (result: 0), SymType: '-deferred-', PDB: '', fileVersion: 0.9.11.0
C:\Program Files\Unity\Hub\Editor\2022.1.14f1\Editor\SketchUpCommonPreferences.dll:SketchUpCommonPreferences.dll (00007FFA55170000), size: 479232 (result: 0), SymType: '-deferred-', PDB: '', fileVersion: 20.2.172.37
C:\WINDOWS\SYSTEM32\dxcore.dll:dxcore.dll (00007FFB01EF0000), size: 278528 (result: 0), SymType: '-deferred-', PDB: '', fileVersion: 10.0.26100.7705
C:\WINDOWS\SYSTEM32\Secur32.dll:Secur32.dll (00007FFB01AB0000), size: 53248 (result: 0), SymType: '-deferred-', PDB: '', fileVersion: 10.0.26100.7705
C:\WINDOWS\SYSTEM32\SSPICLI.DLL:SSPICLI.DLL (00007FFB03300000), size: 299008 (result: 0), SymType: '-deferred-', PDB: '', fileVersion: 10.0.26100.7309
C:\Program Files\Unity\Hub\Editor\2022.1.14f1\Editor\OpenRL.dll:OpenRL.dll (00000154C3FF0000), size: 12779520 (result: 0), SymType: '-deferred-', PDB: '', fileVersion: 1.5.0.2907
C:\WINDOWS\SYSTEM32\MSVCP100.dll:MSVCP100.dll (000000006A170000), size: 622592 (result: 0), SymType: '-deferred-', PDB: '', fileVersion: 10.0.40219.325
C:\WINDOWS\SYSTEM32\MSVCR100.dll:MSVCR100.dll (000000006A090000), size: 860160 (result: 0), SymType: '-deferred-', PDB: '', fileVersion: 10.0.40219.325
C:\Program Files\Unity\Hub\Editor\2022.1.14f1\Editor\embree.dll:embree.dll (00007FFA03F50000), size: 16711680 (result: 0), SymType: '-deferred-', PDB: '', fileVersion: 2.14.0.0
C:\WINDOWS\SYSTEM32\cfgmgr32.DLL:cfgmgr32.DLL (00007FFB03F90000), size: 356352 (result: 0), SymType: '-deferred-', PDB: '', fileVersion: 10.0.26100.7309
C:\Program Files\Unity\Hub\Editor\2022.1.14f1\Editor\tbb.dll:tbb.dll (00007FFA54F10000), size: 413696 (result: 0), SymType: '-deferred-', PDB: '', fileVersion: 2017.0.2016.1004
C:\WINDOWS\SYSTEM32\MSWSOCK.DLL:MSWSOCK.DLL (00007FFB035B0000), size: 438272 (result: 0), SymType: '-deferred-', PDB: '', fileVersion: 10.0.26100.7705
C:\WINDOWS\SYSTEM32\MSVCP120.dll:MSVCP120.dll (00007FFA917E0000), size: 679936 (result: 0), SymType: '-deferred-', PDB: '', fileVersion: 12.0.40664.0
C:\WINDOWS\SYSTEM32\MSVCR120.dll:MSVCR120.dll (00007FFA91610000), size: 978944 (result: 0), SymType: '-deferred-', PDB: '', fileVersion: 12.0.40664.0
C:\Program Files\Unity\Hub\Editor\2022.1.14f1\Editor\OpenRL_pthread.dll:OpenRL_pthread.dll (00000154C4C40000), size: 61440 (result: 0), SymType: '-deferred-', PDB: '', fileVersion: 2.9.0.0
C:\WINDOWS\SYSTEM32\MSASN1.dll:MSASN1.dll (00007FFB03A00000), size: 77824 (result: 0), SymType: '-deferred-', PDB: '', fileVersion: 10.0.26100.7623
C:\WINDOWS\SYSTEM32\kernel.appcore.dll:kernel.appcore.dll (00007FFB03060000), size: 110592 (result: 0), SymType: '-deferred-', PDB: '', fileVersion: 10.0.26100.7705
C:\WINDOWS\System32\bcryptPrimitives.dll:bcryptPrimitives.dll (00007FFB04C00000), size: 675840 (result: 0), SymType: '-deferred-', PDB: '', fileVersion: 10.0.26100.7623
C:\WINDOWS\system32\uxtheme.dll:uxtheme.dll (00007FFB01E10000), size: 700416 (result: 0), SymType: '-deferred-', PDB: '', fileVersion: 10.0.26100.7824
C:\WINDOWS\System32\shcore.dll:shcore.dll (00007FFB05D60000), size: 1007616 (result: 0), SymType: '-deferred-', PDB: '', fileVersion: 10.0.26100.7824
C:\WINDOWS\SYSTEM32\profapi.dll:profapi.dll (00007FFB04220000), size: 167936 (result: 0), SymType: '-deferred-', PDB: '', fileVersion: 10.0.26100.7309
C:\WINDOWS\SYSTEM32\CRYPTSP.dll:CRYPTSP.dll (00007FFB039A0000), size: 110592 (result: 0), SymType: '-deferred-', PDB: '', fileVersion: 10.0.26100.7705
C:\WINDOWS\system32\rsaenh.dll:rsaenh.dll (00007FFB02FC0000), size: 233472 (result: 0), SymType: '-deferred-', PDB: '', fileVersion: 10.0.26100.7705
C:\WINDOWS\SYSTEM32\CRYPTBASE.dll:CRYPTBASE.dll (00007FFB03800000), size: 49152 (result: 0), SymType: '-deferred-', PDB: '', fileVersion: 10.0.26100.7623
C:\WINDOWS\System32\imagehlp.dll:imagehlp.dll (00007FFB05F10000), size: 131072 (result: 0), SymType: '-deferred-', PDB: '', fileVersion: 10.0.26100.4202
C:\WINDOWS\SYSTEM32\gpapi.dll:gpapi.dll (00007FFB03620000), size: 200704 (result: 0), SymType: '-deferred-', PDB: '', fileVersion: 10.0.26100.7705
C:\Windows\System32\cryptnet.dll:cryptnet.dll (00007FFAFE260000), size: 241664 (result: 0), SymType: '-deferred-', PDB: '', fileVersion: 10.0.26100.7309
C:\WINDOWS\SYSTEM32\WINNSI.DLL:WINNSI.DLL (00007FFB01560000), size: 61440 (result: 0), SymType: '-deferred-', PDB: '', fileVersion: 10.0.26100.7705
C:\WINDOWS\System32\NSI.dll:NSI.dll (00007FFB07040000), size: 40960 (result: 0), SymType: '-deferred-', PDB: '', fileVersion: 10.0.26100.7705
C:\WINDOWS\system32\IconCodecService.dll:IconCodecService.dll (00007FFAFC460000), size: 45056 (result: 0), SymType: '-deferred-', PDB: '', fileVersion: 10.0.26100.1
C:\WINDOWS\SYSTEM32\WindowsCodecs.dll:WindowsCodecs.dll (00007FFB000A0000), size: 2289664 (result: 0), SymType: '-deferred-', PDB: '', fileVersion: 10.0.26100.7705
C:\WINDOWS\System32\clbcatq.dll:clbcatq.dll (00007FFB07150000), size: 720896 (result: 0), SymType: '-deferred-', PDB: '', fileVersion: 2001.12.10941.16384
C:\WINDOWS\System32\netprofm.dll:netprofm.dll (00007FFAFFAA0000), size: 458752 (result: 0), SymType: '-deferred-', PDB: '', fileVersion: 10.0.26100.7705
C:\WINDOWS\System32\npmproxy.dll:npmproxy.dll (00007FFAFE2A0000), size: 102400 (result: 0), SymType: '-deferred-', PDB: '', fileVersion: 10.0.26100.7309
C:\WINDOWS\SYSTEM32\dbghelp.dll:dbghelp.dll (00007FFB01200000), size: 2367488 (result: 0), SymType: '-deferred-', PDB: '', fileVersion: 10.0.26100.5074

========== OUTPUTTING STACK TRACE ==================

0x00007FFB0510A80A (KERNELBASE) RaiseException
0x00007FF7B4A786E1 (Unity) EditorMonoConsole::LogToConsoleImplementation
0x00007FF7B4A791FD (Unity) EditorMonoConsole::LogToConsoleImplementation
0x00007FF7B5719AD7 (Unity) DebugStringToFilePostprocessedStacktrace
0x00007FF7B571922D (Unity) DebugStringToFile
0x00007FF7B4BF4F30 (Unity) HandleProjectAlreadyOpenInAnotherInstance
0x00007FF7B4BF7A36 (Unity) Application::InitializeProject
0x00007FF7B507074B (Unity) WinMain
0x00007FF7B63E355E (Unity) __scrt_common_main_seh
0x00007FFB0691E8D7 (KERNEL32) BaseThreadInitThunk
0x00007FFB07AAC40C (ntdll) RtlUserThreadStart

========== END OF STACKTRACE ===========

A crash has been intercepted by the crash handler. For call stack and other details, see the latest crash report generated in:
 * C:/Users/Hidano/AppData/Local/Temp/Unity/Editor/Crashes
